Archive member included to satisfy reference by file (symbol)

d:/nxp/mcuxpressoide_10.3.0_2200/ide/plugins/com.nxp.mcuxpresso.tools.win32_10.3.0.201811011841/tools/bin/../lib/gcc/arm-none-eabi/7.3.1/../../../../arm-none-eabi/lib/thumb/v7e-m\libcr_semihost_nf.a(_cr__main.o)
                              ./startup/startup_mk60d10.o (__main)
d:/nxp/mcuxpressoide_10.3.0_2200/ide/plugins/com.nxp.mcuxpresso.tools.win32_10.3.0.201811011841/tools/bin/../lib/gcc/arm-none-eabi/7.3.1/../../../../arm-none-eabi/lib/thumb/v7e-m\libcr_semihost_nf.a(_cr_assert.o)
                              ./source/MK60DN512xxx10_Project.o (__assertion_failed)
d:/nxp/mcuxpressoide_10.3.0_2200/ide/plugins/com.nxp.mcuxpresso.tools.win32_10.3.0.201811011841/tools/bin/../lib/gcc/arm-none-eabi/7.3.1/../../../../arm-none-eabi/lib/thumb/v7e-m\libcr_semihost_nf.a(__ciob.o)
                              d:/nxp/mcuxpressoide_10.3.0_2200/ide/plugins/com.nxp.mcuxpresso.tools.win32_10.3.0.201811011841/tools/bin/../lib/gcc/arm-none-eabi/7.3.1/../../../../arm-none-eabi/lib/thumb/v7e-m\libcr_semihost_nf.a(_cr_assert.o) (__Ciob)
d:/nxp/mcuxpressoide_10.3.0_2200/ide/plugins/com.nxp.mcuxpresso.tools.win32_10.3.0.201811011841/tools/bin/../lib/gcc/arm-none-eabi/7.3.1/../../../../arm-none-eabi/lib/thumb/v7e-m\libcr_semihost_nf.a(__sys_appexit.o)
                              d:/nxp/mcuxpressoide_10.3.0_2200/ide/plugins/com.nxp.mcuxpresso.tools.win32_10.3.0.201811011841/tools/bin/../lib/gcc/arm-none-eabi/7.3.1/../../../../arm-none-eabi/lib/thumb/v7e-m\libcr_semihost_nf.a(_cr_assert.o) (__sys_appexit)
d:/nxp/mcuxpressoide_10.3.0_2200/ide/plugins/com.nxp.mcuxpresso.tools.win32_10.3.0.201811011841/tools/bin/../lib/gcc/arm-none-eabi/7.3.1/../../../../arm-none-eabi/lib/thumb/v7e-m\libcr_c.a(memcpy.o)
                              ./drivers/fsl_flash.o (memcpy)
d:/nxp/mcuxpressoide_10.3.0_2200/ide/plugins/com.nxp.mcuxpresso.tools.win32_10.3.0.201811011841/tools/bin/../lib/gcc/arm-none-eabi/7.3.1/../../../../arm-none-eabi/lib/thumb/v7e-m\libcr_c.a(memset.o)
                              ./drivers/fsl_flash.o (memset)
d:/nxp/mcuxpressoide_10.3.0_2200/ide/plugins/com.nxp.mcuxpresso.tools.win32_10.3.0.201811011841/tools/bin/../lib/gcc/arm-none-eabi/7.3.1/../../../../arm-none-eabi/lib/thumb/v7e-m\libcr_c.a(_deferredlazyseek.o)
                              d:/nxp/mcuxpressoide_10.3.0_2200/ide/plugins/com.nxp.mcuxpresso.tools.win32_10.3.0.201811011841/tools/bin/../lib/gcc/arm-none-eabi/7.3.1/../../../../arm-none-eabi/lib/thumb/v7e-m\libcr_semihost_nf.a(_cr_assert.o) (__flsbuf)
d:/nxp/mcuxpressoide_10.3.0_2200/ide/plugins/com.nxp.mcuxpresso.tools.win32_10.3.0.201811011841/tools/bin/../lib/gcc/arm-none-eabi/7.3.1/../../../../arm-none-eabi/lib/thumb/v7e-m\libcr_c.a(_fflush.o)
                              d:/nxp/mcuxpressoide_10.3.0_2200/ide/plugins/com.nxp.mcuxpresso.tools.win32_10.3.0.201811011841/tools/bin/../lib/gcc/arm-none-eabi/7.3.1/../../../../arm-none-eabi/lib/thumb/v7e-m\libcr_c.a(_deferredlazyseek.o) (_fflush)
d:/nxp/mcuxpressoide_10.3.0_2200/ide/plugins/com.nxp.mcuxpresso.tools.win32_10.3.0.201811011841/tools/bin/../lib/gcc/arm-none-eabi/7.3.1/../../../../arm-none-eabi/lib/thumb/v7e-m\libcr_c.a(_writebuf.o)
                              d:/nxp/mcuxpressoide_10.3.0_2200/ide/plugins/com.nxp.mcuxpresso.tools.win32_10.3.0.201811011841/tools/bin/../lib/gcc/arm-none-eabi/7.3.1/../../../../arm-none-eabi/lib/thumb/v7e-m\libcr_c.a(_deferredlazyseek.o) (_Cwritebuf)
d:/nxp/mcuxpressoide_10.3.0_2200/ide/plugins/com.nxp.mcuxpresso.tools.win32_10.3.0.201811011841/tools/bin/../lib/gcc/arm-none-eabi/7.3.1/../../../../arm-none-eabi/lib/thumb/v7e-m\libcr_c.a(alloc.o)
                              d:/nxp/mcuxpressoide_10.3.0_2200/ide/plugins/com.nxp.mcuxpresso.tools.win32_10.3.0.201811011841/tools/bin/../lib/gcc/arm-none-eabi/7.3.1/../../../../arm-none-eabi/lib/thumb/v7e-m\libcr_c.a(_deferredlazyseek.o) (_Csys_alloc)
d:/nxp/mcuxpressoide_10.3.0_2200/ide/plugins/com.nxp.mcuxpresso.tools.win32_10.3.0.201811011841/tools/bin/../lib/gcc/arm-none-eabi/7.3.1/../../../../arm-none-eabi/lib/thumb/v7e-m\libcr_c.a(ctype.o)
                              ./source/MK60DN512xxx10_Project.o (__ctype)
d:/nxp/mcuxpressoide_10.3.0_2200/ide/plugins/com.nxp.mcuxpresso.tools.win32_10.3.0.201811011841/tools/bin/../lib/gcc/arm-none-eabi/7.3.1/../../../../arm-none-eabi/lib/thumb/v7e-m\libcr_c.a(fputs.o)
                              d:/nxp/mcuxpressoide_10.3.0_2200/ide/plugins/com.nxp.mcuxpresso.tools.win32_10.3.0.201811011841/tools/bin/../lib/gcc/arm-none-eabi/7.3.1/../../../../arm-none-eabi/lib/thumb/v7e-m\libcr_semihost_nf.a(_cr_assert.o) (fputs)
d:/nxp/mcuxpressoide_10.3.0_2200/ide/plugins/com.nxp.mcuxpresso.tools.win32_10.3.0.201811011841/tools/bin/../lib/gcc/arm-none-eabi/7.3.1/../../../../arm-none-eabi/lib/thumb/v7e-m\libcr_c.a(fseek.o)
[...]
Memory Configuration

Name             Origin             Length             Attributes
PROGRAM_FLASH    0x00000000         0x00080000         xr
SRAM_UPPER       0x20000000         0x00010000         xrw
SRAM_LOWER       0x1fff0000         0x00010000         xrw
FLEX_RAM         0x14000000         0x00001000         xrw
*default*        0x00000000         0xffffffff

Linker script and memory map

LOAD ./utilities/fsl_debug_console.o
LOAD ./startup/startup_mk60d10.o
LOAD ./source/MK60DN512xxx10_Project.o
LOAD ./source/semihost_hardfault.o
LOAD ./drivers/fsl_clock.o
LOAD ./drivers/fsl_common.o
LOAD ./drivers/fsl_flash.o
LOAD ./drivers/fsl_gpio.o
LOAD ./drivers/fsl_pit.o
LOAD ./drivers/fsl_smc.o
LOAD ./drivers/fsl_uart.o
LOAD ./board/board.o
LOAD ./board/clock_config.o
LOAD ./board/peripherals.o
LOAD ./board/pin_mux.o
LOAD ./CMSIS/system_MK60D10.o
START GROUP
LOAD d:/nxp/mcuxpressoide_10.3.0_2200/ide/plugins/com.nxp.mcuxpresso.tools.win32_10.3.0.201811011841/tools/bin/../lib/gcc/arm-none-eabi/7.3.1/../../../../arm-none-eabi/lib/thumb/v7e-m\libcr_semihost_nf.a
LOAD d:/nxp/mcuxpressoide_10.3.0_2200/ide/plugins/com.nxp.mcuxpresso.tools.win32_10.3.0.201811011841/tools/bin/../lib/gcc/arm-none-eabi/7.3.1/../../../../arm-none-eabi/lib/thumb/v7e-m\libcr_c.a
LOAD d:/nxp/mcuxpressoide_10.3.0_2200/ide/plugins/com.nxp.mcuxpresso.tools.win32_10.3.0.201811011841/tools/bin/../lib/gcc/arm-none-eabi/7.3.1/thumb/v7e-m\libcr_eabihelpers.a
END GROUP
                0x00000000                __base_PROGRAM_FLASH = 0x0
                0x00000000                __base_Flash = 0x0
                0x00080000                __top_PROGRAM_FLASH = 0x80000
                0x00080000                __top_Flash = 0x80000
                0x20000000                __base_SRAM_UPPER = 0x20000000
                0x20000000                __base_RAM = 0x20000000
                0x20010000                __top_SRAM_UPPER = 0x20010000
                0x20010000                __top_RAM = 0x20010000
                0x1fff0000                __base_SRAM_LOWER = 0x1fff0000
                0x1fff0000                __base_RAM2 = 0x1fff0000
                0x20000000                __top_SRAM_LOWER = 0x20000000
                0x20000000                __top_RAM2 = 0x20000000
                0x14000000                __base_FLEX_RAM = 0x14000000
                0x14000000                __base_RAM3 = 0x14000000
                0x14001000                __top_FLEX_RAM = 0x14001000
                0x14001000                __top_RAM3 = 0x14001000

.text           0x00000000     0x24bc
 FILL mask 0xff
                0x00000000                __vectors_start__ = ABSOLUTE (.)
 *(SORT_BY_ALIGNMENT(.isr_vector))
 .isr_vector    0x00000000      0x1bc ./startup/startup_mk60d10.o
                0x00000000                g_pfnVectors
                0x00000000                __Vectors
                0x000001bc                . = ALIGN (0x4)
                0x000001bc                __section_table_start = .
                0x000001bc                __data_section_table = .
                0x000001bc        0x4 LONG 0x24bc LOADADDR (.data)
                0x000001c0        0x4 LONG 0x20000000 ADDR (.data)
                0x000001c4        0x4 LONG 0x1c SIZEOF (.data)
                0x000001c8        0x4 LONG 0x24bc LOADADDR (.data_RAM2)
                0x000001cc        0x4 LONG 0x1fff0000 ADDR (.data_RAM2)
                0x000001d0        0x4 LONG 0x0 SIZEOF (.data_RAM2)
                0x000001d4        0x4 LONG 0x24bc LOADADDR (.data_RAM3)
                0x000001d8        0x4 LONG 0x14000000 ADDR (.data_RAM3)
                0x000001dc        0x4 LONG 0x0 SIZEOF (.data_RAM3)
                0x000001e0                __data_section_table_end = .
                0x000001e0                __bss_section_table = .
                0x000001e0        0x4 LONG 0x2000001c ADDR (.bss)
                0x000001e4        0x4 LONG 0x128 SIZEOF (.bss)
                0x000001e8        0x4 LONG 0x1fff0000 ADDR (.bss_RAM2)
                0x000001ec        0x4 LONG 0x0 SIZEOF (.bss_RAM2)
                0x000001f0        0x4 LONG 0x14000000 ADDR (.bss_RAM3)
                0x000001f4        0x4 LONG 0x0 SIZEOF (.bss_RAM3)
                0x000001f8                __bss_section_table_end = .
                0x000001f8                __section_table_end = .
 *(SORT_BY_ALIGNMENT(.after_vectors*))
 .after_vectors.reset
                0x000001f8       0x4c ./startup/startup_mk60d10.o
                0x000001f8                ResetISR
 .after_vectors.init_data
                0x00000244       0x1c ./startup/startup_mk60d10.o
                0x00000244                data_init
 .after_vectors.init_bss
                0x00000260       0x12 ./startup/startup_mk60d10.o
                0x00000260                bss_init
 .after_vectors
                0x00000272       0x14 ./startup/startup_mk60d10.o
                0x00000272                NMI_Handler
                0x00000276                MemManage_Handler
                0x00000278                BusFault_Handler
                0x0000027a                UsageFault_Handler
                0x0000027c                SVC_Handler
                0x0000027e                DebugMon_Handler
                0x00000280                PendSV_Handler
                0x00000282                SysTick_Handler
                0x00000284                DMA_Error_DriverIRQHandler
                0x00000284                LPTMR0_DriverIRQHandler
                0x00000284                SPI1_DriverIRQHandler
                0x00000284                FTM1_DriverIRQHandler
                0x00000284                FTM2_DriverIRQHandler
                0x00000284                PIT2_DriverIRQHandler
                0x00000284                SDHC_DriverIRQHandler
                0x00000284                I2S0_Tx_DriverIRQHandler
                0x00000284                TSI0_DriverIRQHandler
                0x00000284                RTC_Seconds_DriverIRQHandler
                0x00000284                Reserved109_DriverIRQHandler
                0x00000284                DMA6_DriverIRQHandler
                0x00000284                LLWU_DriverIRQHandler
                0x00000284                MCM_DriverIRQHandler
                0x00000284                MCG_DriverIRQHandler
                0x00000284                ENET_1588_Timer_DriverIRQHandler
                0x00000284                DAC1_DriverIRQHandler
                0x00000284                DMA12_DriverIRQHandler
                0x00000284                CMP1_DriverIRQHandler
                0x00000284                FTM0_DriverIRQHandler
                0x00000284                IntDefaultHandler
                0x00000284                USB0_DriverIRQHandler
                0x00000284                UART5_ERR_DriverIRQHandler
                0x00000284                PORTC_DriverIRQHandler
                0x00000284                DMA11_DriverIRQHandler
                0x00000284                DAC0_DriverIRQHandler
                0x00000284                DMA10_DriverIRQHandler
                0x00000284                CMP2_DriverIRQHandler
                0x00000284                UART2_ERR_DriverIRQHandler
                0x00000284                SPI2_DriverIRQHandler
                0x00000284                LVD_LVW_DriverIRQHandler
                0x00000284                PORTB_DriverIRQHandler
                0x00000284                RNG_DriverIRQHandler
                0x00000284                DMA5_DriverIRQHandler
                0x00000284                DMA4_DriverIRQHandler
                0x00000284                USBDCD_DriverIRQHandler
                0x00000284                UART3_ERR_DriverIRQHandler
                0x00000284                DMA3_DriverIRQHandler
                0x00000284                DMA8_DriverIRQHandler
                0x00000284                DMA9_DriverIRQHandler
                0x00000284                UART0_ERR_DriverIRQHandler
                0x00000284                CMT_DriverIRQHandler
                0x00000284                ADC1_DriverIRQHandler
                0x00000284                PORTA_DriverIRQHandler
                0x00000284                DMA14_DriverIRQHandler
                0x00000284                PIT3_DriverIRQHandler
                0x00000284                PIT1_DriverIRQHandler
                0x00000284                WDOG_EWM_DriverIRQHandler
                0x00000284                PDB0_DriverIRQHandler
                0x00000284                Reserved95_DriverIRQHandler
                0x00000284                RTC_DriverIRQHandler
                0x00000284                I2S0_Rx_DriverIRQHandler
                0x00000284                Read_Collision_DriverIRQHandler
                0x00000284                SWI_DriverIRQHandler
                0x00000284                UART4_ERR_DriverIRQHandler
                0x00000284                DMA0_DriverIRQHandler
                0x00000284                UART0_LON_DriverIRQHandler
                0x00000284                Reserved102_DriverIRQHandler
                0x00000284                DMA1_DriverIRQHandler
                0x00000284                I2C1_DriverIRQHandler
                0x00000284                ENET_Receive_DriverIRQHandler
                0x00000284                DMA13_DriverIRQHandler
                0x00000284                ENET_Error_DriverIRQHandler
                0x00000284                DMA15_DriverIRQHandler
                0x00000284                SPI0_DriverIRQHandler
                0x00000284                ADC0_DriverIRQHandler
                0x00000284                FTFL_DriverIRQHandler
                0x00000284                CMP0_DriverIRQHandler
                0x00000284                CAN0_DriverIRQHandler
                0x00000284                Reserved59_DriverIRQHandler
                0x00000284                PIT0_DriverIRQHandler
                0x00000284                UART1_ERR_DriverIRQHandler
                0x00000284                DMA2_DriverIRQHandler
                0x00000284                ENET_Transmit_DriverIRQHandler
                0x00000284                PORTD_DriverIRQHandler
                0x00000284                PORTE_DriverIRQHandler
                0x00000284                I2C0_DriverIRQHandler
                0x00000284                CAN1_DriverIRQHandler
                0x00000284                DMA7_DriverIRQHandler
                0x00000284                Reserved108_DriverIRQHandler
                0x00000400                . = 0x400
 *fill*         0x00000286      0x17a ff
                0x00000400                PROVIDE (__FLASH_CONFIG_START__ = .)
 *(SORT_BY_ALIGNMENT(.FlashConfig))
 .FlashConfig   0x00000400       0x10 ./startup/startup_mk60d10.o
                0x00000400                Flash_Config
                0x00000410                PROVIDE (__FLASH_CONFIG_END__ = .)
                0x00000001                ASSERT (! ((__FLASH_CONFIG_START__ == __FLASH_CONFIG_END__)), Linker Flash Config Support Enabled, but no .FlashConfig section provided within application)
 *(SORT_BY_ALIGNMENT(.text*))
 .text.NVIC_EnableIRQ
                0x00000410       0x30 ./source/MK60DN512xxx10_Project.o
 .text.PIT_GetDefaultConfig
                0x00000440       0x28 ./source/MK60DN512xxx10_Project.o
 .text.MCUInit  0x00000468       0x4c ./source/MK60DN512xxx10_Project.o
                0x00000468                MCUInit
 .text.beep     0x000004b4       0x4c ./source/MK60DN512xxx10_Project.o
                0x000004b4                beep
 .text.segmentInit
                0x00000500       0xa0 ./source/MK60DN512xxx10_Project.o
                0x00000500                segmentInit
 .text.display_val
                0x000005a0       0xc0 ./source/MK60DN512xxx10_Project.o
                0x000005a0                display_val
 .text.print_on_display
                0x00000660       0xa4 ./source/MK60DN512xxx10_Project.o
                0x00000660                print_on_display
 .text.ADC0_Init
                0x00000704       0x40 ./source/MK60DN512xxx10_Project.o
                0x00000704                ADC0_Init
 .text.ADC0_IRQHandler
                0x00000744       0xa4 ./source/MK60DN512xxx10_Project.o
                0x00000744                ADC0_IRQHandler
 .text.PIT0_IRQHandler
                0x000007e8      0x2a8 ./source/MK60DN512xxx10_Project.o
                0x000007e8                PIT0_IRQHandler
 .text.main     0x00000a90       0xa0 ./source/MK60DN512xxx10_Project.o
                0x00000a90                main
 .text.CLOCK_GetMcgExtClkFreq
                0x00000b30       0x6c ./drivers/fsl_clock.o
 .text.CLOCK_GetFllExtRefClkFreq
                0x00000b9c       0xc8 ./drivers/fsl_clock.o
 .text.CLOCK_GetInternalRefClkSelectFreq
                0x00000c64       0x40 ./drivers/fsl_clock.o
 .text.CLOCK_GetFllRefClkFreq
                0x00000ca4       0x2c ./drivers/fsl_clock.o
 .text.CLOCK_GetOsc0ErClkFreq
                0x00000cd0       0x38 ./drivers/fsl_clock.o
                0x00000cd0                CLOCK_GetOsc0ErClkFreq
 .text.CLOCK_GetEr32kClkFreq
                0x00000d08       0x70 ./drivers/fsl_clock.o
                0x00000d08                CLOCK_GetEr32kClkFreq
 .text.CLOCK_GetPllFllSelClkFreq
                0x00000d78       0x44 ./drivers/fsl_clock.o
                0x00000d78                CLOCK_GetPllFllSelClkFreq
 .text.CLOCK_GetFreq
                0x00000dbc      0x13c ./drivers/fsl_clock.o
                0x00000dbc                CLOCK_GetFreq
 .text.CLOCK_GetOutClkFreq
                0x00000ef8       0x64 ./drivers/fsl_clock.o
                0x00000ef8                CLOCK_GetOutClkFreq
 .text.CLOCK_GetFllFreq
                0x00000f5c       0x7c ./drivers/fsl_clock.o
                0x00000f5c                CLOCK_GetFllFreq
 .text.CLOCK_GetInternalRefClkFreq
                0x00000fd8       0x24 ./drivers/fsl_clock.o
                0x00000fd8                CLOCK_GetInternalRefClkFreq
 .text.CLOCK_GetPll0Freq
                0x00000ffc       0x68 ./drivers/fsl_clock.o
                0x00000ffc                CLOCK_GetPll0Freq
 .text.PIT_GetInstance
                0x00001064       0x44 ./drivers/fsl_pit.o
 .text.PIT_Init
                0x000010a8       0x64 ./drivers/fsl_pit.o
                0x000010a8                PIT_Init
 .text.UART0_DriverIRQHandler
                0x0000110c       0x24 ./drivers/fsl_uart.o
                0x0000110c                UART0_DriverIRQHandler
 .text.UART1_DriverIRQHandler
                0x00001130       0x24 ./drivers/fsl_uart.o
                0x00001130                UART1_DriverIRQHandler
 .text.UART2_DriverIRQHandler
                0x00001154       0x24 ./drivers/fsl_uart.o
                0x00001154                UART2_DriverIRQHandler
 .text.UART3_DriverIRQHandler
                0x00001178       0x24 ./drivers/fsl_uart.o
                0x00001178                UART3_DriverIRQHandler
 .text.UART4_DriverIRQHandler
                0x0000119c       0x24 ./drivers/fsl_uart.o
                0x0000119c                UART4_DriverIRQHandler
 .text.UART5_DriverIRQHandler
                0x000011c0       0x24 ./drivers/fsl_uart.o
                0x000011c0                UART5_DriverIRQHandler
 .text.SystemInit
                0x000011e4       0x28 ./CMSIS/system_MK60D10.o
                0x000011e4                SystemInit
 .text.__assertion_failed
                0x0000120c       0x4c d:/nxp/mcuxpressoide_10.3.0_2200/ide/plugins/com.nxp.mcuxpresso.tools.win32_10.3.0.201811011841/tools/bin/../lib/gcc/arm-none-eabi/7.3.1/../../../../arm-none-eabi/lib/thumb/v7e-m\libcr_semihost_nf.a(_cr_assert.o)
                0x0000120c                __assertion_failed
 .text.__sys_appexit
                0x00001258        0xc d:/nxp/mcuxpressoide_10.3.0_2200/ide/plugins/com.nxp.mcuxpresso.tools.win32_10.3.0.201811011841/tools/bin/../lib/gcc/arm-none-eabi/7.3.1/../../../../arm-none-eabi/lib/thumb/v7e-m\libcr_semihost_nf.a(__sys_appexit.o)
                0x00001258                __sys_appexit
                0x00001258                __exit
 .text._Cwritebuf
                0x00001264       0x6c d:/nxp/mcuxpressoide_10.3.0_2200/ide/plugins/com.nxp.mcuxpresso.tools.win32_10.3.0.201811011841/tools/bin/../lib/gcc/arm-none-eabi/7.3.1/../../../../arm-none-eabi/lib/thumb/v7e-m\libcr_c.a(_writebuf.o)
                0x00001264                _Cwritebuf
 .text.malloc   0x000012d0       0xc8 d:/nxp/mcuxpressoide_10.3.0_2200/ide/plugins/com.nxp.mcuxpresso.tools.win32_10.3.0.201811011841/tools/bin/../lib/gcc/arm-none-eabi/7.3.1/../../../../arm-none-eabi/lib/thumb/v7e-m\libcr_c.a(alloc.o)
                0x000012d0                malloc
 .text._Csys_alloc
                0x00001398       0x20 d:/nxp/mcuxpressoide_10.3.0_2200/ide/plugins/com.nxp.mcuxpresso.tools.win32_10.3.0.201811011841/tools/bin/../lib/gcc/arm-none-eabi/7.3.1/../../../../arm-none-eabi/lib/thumb/v7e-m\libcr_c.a(alloc.o)
                0x00001398                _Csys_alloc
 .text.fseek    0x000013b8      0x100 d:/nxp/mcuxpressoide_10.3.0_2200/ide/plugins/com.nxp.mcuxpresso.tools.win32_10.3.0.201811011841/tools/bin/../lib/gcc/arm-none-eabi/7.3.1/../../../../arm-none-eabi/lib/thumb/v7e-m\libcr_c.a(fseek.o)
                0x000013b8                fseek
 .text.ftell    0x000014b8       0x44 d:/nxp/mcuxpressoide_10.3.0_2200/ide/plugins/com.nxp.mcuxpresso.tools.win32_10.3.0.201811011841/tools/bin/../lib/gcc/arm-none-eabi/7.3.1/../../../../arm-none-eabi/lib/thumb/v7e-m\libcr_c.a(ftell.o)
                0x000014b8                ftell
 .text._initio  0x000014fc       0x78 d:/nxp/mcuxpressoide_10.3.0_2200/ide/plugins/com.nxp.mcuxpresso.tools.win32_10.3.0.201811011841/tools/bin/../lib/gcc/arm-none-eabi/7.3.1/../../../../arm-none-eabi/lib/thumb/v7e-m\libcr_c.a(initio.o)
                0x000014fc                _initio
 .text.setvbuf  0x00001574       0x40 d:/nxp/mcuxpressoide_10.3.0_2200/ide/plugins/com.nxp.mcuxpresso.tools.win32_10.3.0.201811011841/tools/bin/../lib/gcc/arm-none-eabi/7.3.1/../../../../arm-none-eabi/lib/thumb/v7e-m\libcr_c.a(setvbuf.o)
                0x00001574                setvbuf
 .text._sbrk    0x000015b4       0x3c d:/nxp/mcuxpressoide_10.3.0_2200/ide/plugins/com.nxp.mcuxpresso.tools.win32_10.3.0.201811011841/tools/bin/../lib/gcc/arm-none-eabi/7.3.1/../../../../arm-none-eabi/lib/thumb/v7e-m\libcr_c.a(_cr_sbrk.o)
                0x000015b4                _sbrk
 .text.fflush   0x000015f0       0x44 d:/nxp/mcuxpressoide_10.3.0_2200/ide/plugins/com.nxp.mcuxpresso.tools.win32_10.3.0.201811011841/tools/bin/../lib/gcc/arm-none-eabi/7.3.1/../../../../arm-none-eabi/lib/thumb/v7e-m\libcr_c.a(fflush.o)
                0x000015f0                fflush
 .text.__check_heap_overflow
                0x00001634       0x18 d:/nxp/mcuxpressoide_10.3.0_2200/ide/plugins/com.nxp.mcuxpresso.tools.win32_10.3.0.201811011841/tools/bin/../lib/gcc/arm-none-eabi/7.3.1/../../../../arm-none-eabi/lib/thumb/v7e-m\libcr_c.a(_cr_check_heap.o)
                0x00001634                __check_heap_overflow
 .text.DMA0_IRQHandler
                0x0000164c        0x8 ./startup/startup_mk60d10.o
                0x0000164c                DMA0_IRQHandler
 .text.DMA1_IRQHandler
                0x00001654        0x8 ./startup/startup_mk60d10.o
                0x00001654                DMA1_IRQHandler
 .text.DMA2_IRQHandler
                0x0000165c        0x8 ./startup/startup_mk60d10.o
                0x0000165c                DMA2_IRQHandler
 .text.DMA3_IRQHandler
                0x00001664        0x8 ./startup/startup_mk60d10.o
                0x00001664                DMA3_IRQHandler
 .text.DMA4_IRQHandler
                0x0000166c        0x8 ./startup/startup_mk60d10.o
                0x0000166c                DMA4_IRQHandler
 .text.DMA5_IRQHandler
                0x00001674        0x8 ./startup/startup_mk60d10.o
                0x00001674                DMA5_IRQHandler
 .text.DMA6_IRQHandler
                0x0000167c        0x8 ./startup/startup_mk60d10.o
                0x0000167c                DMA6_IRQHandler
 .text.DMA7_IRQHandler
                0x00001684        0x8 ./startup/startup_mk60d10.o
                0x00001684                DMA7_IRQHandler
 .text.DMA8_IRQHandler
                0x0000168c        0x8 ./startup/startup_mk60d10.o
                0x0000168c                DMA8_IRQHandler
 .text.DMA9_IRQHandler
                0x00001694        0x8 ./startup/startup_mk60d10.o
                0x00001694                DMA9_IRQHandler
 .text.DMA10_IRQHandler
                0x0000169c        0x8 ./startup/startup_mk60d10.o
                0x0000169c                DMA10_IRQHandler
 .text.DMA11_IRQHandler
                0x000016a4        0x8 ./startup/startup_mk60d10.o
                0x000016a4                DMA11_IRQHandler
 .text.DMA12_IRQHandler
                0x000016ac        0x8 ./startup/startup_mk60d10.o
                0x000016ac                DMA12_IRQHandler
 .text.DMA13_IRQHandler
                0x000016b4        0x8 ./startup/startup_mk60d10.o
                0x000016b4                DMA13_IRQHandler
 .text.DMA14_IRQHandler
                0x000016bc        0x8 ./startup/startup_mk60d10.o
                0x000016bc                DMA14_IRQHandler
 .text.DMA15_IRQHandler
                0x000016c4        0x8 ./startup/startup_mk60d10.o
                0x000016c4                DMA15_IRQHandler
 .text.DMA_Error_IRQHandler
                0x000016cc        0x8 ./startup/startup_mk60d10.o
                0x000016cc                DMA_Error_IRQHandler
 .text.MCM_IRQHandler
                0x000016d4        0x8 ./startup/startup_mk60d10.o
                0x000016d4                MCM_IRQHandler
 .text.FTFL_IRQHandler
                0x000016dc        0x8 ./startup/startup_mk60d10.o
                0x000016dc                FTFL_IRQHandler
 .text.Read_Collision_IRQHandler
                0x000016e4        0x8 ./startup/startup_mk60d10.o
                0x000016e4                Read_Collision_IRQHandler
 .text.LVD_LVW_IRQHandler
                0x000016ec        0x8 ./startup/startup_mk60d10.o
                0x000016ec                LVD_LVW_IRQHandler
 .text.LLWU_IRQHandler
                0x000016f4        0x8 ./startup/startup_mk60d10.o
                0x000016f4                LLWU_IRQHandler
 .text.WDOG_EWM_IRQHandler
                0x000016fc        0x8 ./startup/startup_mk60d10.o
                0x000016fc                WDOG_EWM_IRQHandler
 .text.RNG_IRQHandler
                0x00001704        0x8 ./startup/startup_mk60d10.o
                0x00001704                RNG_IRQHandler
 .text.I2C0_IRQHandler
                0x0000170c        0x8 ./startup/startup_mk60d10.o
                0x0000170c                I2C0_IRQHandler
 .text.I2C1_IRQHandler
                0x00001714        0x8 ./startup/startup_mk60d10.o
                0x00001714                I2C1_IRQHandler
 .text.SPI0_IRQHandler
                0x0000171c        0x8 ./startup/startup_mk60d10.o
                0x0000171c                SPI0_IRQHandler
 .text.SPI1_IRQHandler
                0x00001724        0x8 ./startup/startup_mk60d10.o
                0x00001724                SPI1_IRQHandler
 .text.SPI2_IRQHandler
                0x0000172c        0x8 ./startup/startup_mk60d10.o
                0x0000172c                SPI2_IRQHandler
 .text.CAN0_ORed_Message_buffer_IRQHandler
                0x00001734        0x8 ./startup/startup_mk60d10.o
                0x00001734                CAN0_ORed_Message_buffer_IRQHandler
 .text.CAN0_Bus_Off_IRQHandler
                0x0000173c        0x8 ./startup/startup_mk60d10.o
                0x0000173c                CAN0_Bus_Off_IRQHandler
 .text.CAN0_Error_IRQHandler
                0x00001744        0x8 ./startup/startup_mk60d10.o
                0x00001744                CAN0_Error_IRQHandler
 .text.CAN0_Tx_Warning_IRQHandler
                0x0000174c        0x8 ./startup/startup_mk60d10.o
                0x0000174c                CAN0_Tx_Warning_IRQHandler
 .text.CAN0_Rx_Warning_IRQHandler
                0x00001754        0x8 ./startup/startup_mk60d10.o
                0x00001754                CAN0_Rx_Warning_IRQHandler
 .text.CAN0_Wake_Up_IRQHandler
                0x0000175c        0x8 ./startup/startup_mk60d10.o
                0x0000175c                CAN0_Wake_Up_IRQHandler
 .text.I2S0_Tx_IRQHandler
                0x00001764        0x8 ./startup/startup_mk60d10.o
                0x00001764                I2S0_Tx_IRQHandler
 .text.I2S0_Rx_IRQHandler
                0x0000176c        0x8 ./startup/startup_mk60d10.o
                0x0000176c                I2S0_Rx_IRQHandler
 .text.CAN1_ORed_Message_buffer_IRQHandler
                0x00001774        0x8 ./startup/startup_mk60d10.o
                0x00001774                CAN1_ORed_Message_buffer_IRQHandler
 .text.CAN1_Bus_Off_IRQHandler
                0x0000177c        0x8 ./startup/startup_mk60d10.o
                0x0000177c                CAN1_Bus_Off_IRQHandler
 .text.CAN1_Error_IRQHandler
                0x00001784        0x8 ./startup/startup_mk60d10.o
                0x00001784                CAN1_Error_IRQHandler
 .text.CAN1_Tx_Warning_IRQHandler
                0x0000178c        0x8 ./startup/startup_mk60d10.o
                0x0000178c                CAN1_Tx_Warning_IRQHandler
 .text.CAN1_Rx_Warning_IRQHandler
                0x00001794        0x8 ./startup/startup_mk60d10.o
                0x00001794                CAN1_Rx_Warning_IRQHandler
 .text.CAN1_Wake_Up_IRQHandler
                0x0000179c        0x8 ./startup/startup_mk60d10.o
                0x0000179c                CAN1_Wake_Up_IRQHandler
 .text.Reserved59_IRQHandler
                0x000017a4        0x8 ./startup/startup_mk60d10.o
                0x000017a4                Reserved59_IRQHandler
 .text.UART0_LON_IRQHandler
                0x000017ac        0x8 ./startup/startup_mk60d10.o
                0x000017ac                UART0_LON_IRQHandler
 .text.UART0_RX_TX_IRQHandler
                0x000017b4        0x8 ./startup/startup_mk60d10.o
                0x000017b4                UART0_RX_TX_IRQHandler
 .text.UART0_ERR_IRQHandler
                0x000017bc        0x8 ./startup/startup_mk60d10.o
                0x000017bc                UART0_ERR_IRQHandler
 .text.UART1_RX_TX_IRQHandler
                0x000017c4        0x8 ./startup/startup_mk60d10.o
                0x000017c4                UART1_RX_TX_IRQHandler
 .text.UART1_ERR_IRQHandler
                0x000017cc        0x8 ./startup/startup_mk60d10.o
                0x000017cc                UART1_ERR_IRQHandler
 .text.UART2_RX_TX_IRQHandler
                0x000017d4        0x8 ./startup/startup_mk60d10.o
                0x000017d4                UART2_RX_TX_IRQHandler
 .text.UART2_ERR_IRQHandler
                0x000017dc        0x8 ./startup/startup_mk60d10.o
                0x000017dc                UART2_ERR_IRQHandler
 .text.UART3_RX_TX_IRQHandler
                0x000017e4        0x8 ./startup/startup_mk60d10.o
                0x000017e4                UART3_RX_TX_IRQHandler
 .text.UART3_ERR_IRQHandler
                0x000017ec        0x8 ./startup/startup_mk60d10.o
                0x000017ec                UART3_ERR_IRQHandler
 .text.UART4_RX_TX_IRQHandler
                0x000017f4        0x8 ./startup/startup_mk60d10.o
                0x000017f4                UART4_RX_TX_IRQHandler
 .text.UART4_ERR_IRQHandler
                0x000017fc        0x8 ./startup/startup_mk60d10.o
                0x000017fc                UART4_ERR_IRQHandler
 .text.UART5_RX_TX_IRQHandler
                0x00001804        0x8 ./startup/startup_mk60d10.o
                0x00001804                UART5_RX_TX_IRQHandler
 .text.UART5_ERR_IRQHandler
                0x0000180c        0x8 ./startup/startup_mk60d10.o
                0x0000180c                UART5_ERR_IRQHandler
 .text.ADC1_IRQHandler
                0x00001814        0x8 ./startup/startup_mk60d10.o
                0x00001814                ADC1_IRQHandler
 .text.CMP0_IRQHandler
                0x0000181c        0x8 ./startup/startup_mk60d10.o
                0x0000181c                CMP0_IRQHandler
 .text.CMP1_IRQHandler
                0x00001824        0x8 ./startup/startup_mk60d10.o
                0x00001824                CMP1_IRQHandler
 .text.CMP2_IRQHandler
                0x0000182c        0x8 ./startup/startup_mk60d10.o
                0x0000182c                CMP2_IRQHandler
 .text.FTM0_IRQHandler
                0x00001834        0x8 ./startup/startup_mk60d10.o
                0x00001834                FTM0_IRQHandler
 .text.FTM1_IRQHandler
                0x0000183c        0x8 ./startup/startup_mk60d10.o
                0x0000183c                FTM1_IRQHandler
 .text.FTM2_IRQHandler
                0x00001844        0x8 ./startup/startup_mk60d10.o
                0x00001844                FTM2_IRQHandler
 .text.CMT_IRQHandler
                0x0000184c        0x8 ./startup/startup_mk60d10.o
                0x0000184c                CMT_IRQHandler
 .text.RTC_IRQHandler
                0x00001854        0x8 ./startup/startup_mk60d10.o
                0x00001854                RTC_IRQHandler
 .text.RTC_Seconds_IRQHandler
                0x0000185c        0x8 ./startup/startup_mk60d10.o
                0x0000185c                RTC_Seconds_IRQHandler
 .text.PIT1_IRQHandler
                0x00001864        0x8 ./startup/startup_mk60d10.o
                0x00001864                PIT1_IRQHandler
 .text.PIT2_IRQHandler
                0x0000186c        0x8 ./startup/startup_mk60d10.o
                0x0000186c                PIT2_IRQHandler
 .text.PIT3_IRQHandler
                0x00001874        0x8 ./startup/startup_mk60d10.o
                0x00001874                PIT3_IRQHandler
 .text.PDB0_IRQHandler
                0x0000187c        0x8 ./startup/startup_mk60d10.o
                0x0000187c                PDB0_IRQHandler
 .text.USB0_IRQHandler
                0x00001884        0x8 ./startup/startup_mk60d10.o
                0x00001884                USB0_IRQHandler
 .text.USBDCD_IRQHandler
                0x0000188c        0x8 ./startup/startup_mk60d10.o
                0x0000188c                USBDCD_IRQHandler
 .text.ENET_1588_Timer_IRQHandler
                0x00001894        0x8 ./startup/startup_mk60d10.o
                0x00001894                ENET_1588_Timer_IRQHandler
 .text.ENET_Transmit_IRQHandler
                0x0000189c        0x8 ./startup/startup_mk60d10.o
                0x0000189c                ENET_Transmit_IRQHandler
 .text.ENET_Receive_IRQHandler
                0x000018a4        0x8 ./startup/startup_mk60d10.o
                0x000018a4                ENET_Receive_IRQHandler
 .text.ENET_Error_IRQHandler
                0x000018ac        0x8 ./startup/startup_mk60d10.o
                0x000018ac                ENET_Error_IRQHandler
 .text.Reserved95_IRQHandler
                0x000018b4        0x8 ./startup/startup_mk60d10.o
                0x000018b4                Reserved95_IRQHandler
 .text.SDHC_IRQHandler
                0x000018bc        0x8 ./startup/startup_mk60d10.o
                0x000018bc                SDHC_IRQHandler
 .text.DAC0_IRQHandler
                0x000018c4        0x8 ./startup/startup_mk60d10.o
                0x000018c4                DAC0_IRQHandler
 .text.DAC1_IRQHandler
                0x000018cc        0x8 ./startup/startup_mk60d10.o
                0x000018cc                DAC1_IRQHandler
 .text.TSI0_IRQHandler
                0x000018d4        0x8 ./startup/startup_mk60d10.o
                0x000018d4                TSI0_IRQHandler
 .text.MCG_IRQHandler
                0x000018dc        0x8 ./startup/startup_mk60d10.o
                0x000018dc                MCG_IRQHandler
 .text.LPTMR0_IRQHandler
                0x000018e4        0x8 ./startup/startup_mk60d10.o
                0x000018e4                LPTMR0_IRQHandler
 .text.Reserved102_IRQHandler
                0x000018ec        0x8 ./startup/startup_mk60d10.o
                0x000018ec                Reserved102_IRQHandler
 .text.PORTA_IRQHandler
                0x000018f4        0x8 ./startup/startup_mk60d10.o
                0x000018f4                PORTA_IRQHandler
 .text.PORTB_IRQHandler
                0x000018fc        0x8 ./startup/startup_mk60d10.o
                0x000018fc                PORTB_IRQHandler
 .text.PORTC_IRQHandler
                0x00001904        0x8 ./startup/startup_mk60d10.o
                0x00001904                PORTC_IRQHandler
 .text.PORTD_IRQHandler
                0x0000190c        0x8 ./startup/startup_mk60d10.o
                0x0000190c                PORTD_IRQHandler
 .text.PORTE_IRQHandler
                0x00001914        0x8 ./startup/startup_mk60d10.o
                0x00001914                PORTE_IRQHandler
 .text.Reserved108_IRQHandler
                0x0000191c        0x8 ./startup/startup_mk60d10.o
                0x0000191c                Reserved108_IRQHandler
 .text.Reserved109_IRQHandler
                0x00001924        0x8 ./startup/startup_mk60d10.o
                0x00001924                Reserved109_IRQHandler
 .text.SWI_IRQHandler
                0x0000192c        0x8 ./startup/startup_mk60d10.o
                0x0000192c                SWI_IRQHandler
 .text.PIT_EnableInterrupts
                0x00001934       0x38 ./source/MK60DN512xxx10_Project.o
 .text.PIT_ClearStatusFlags
                0x0000196c       0x28 ./source/MK60DN512xxx10_Project.o
 .text.PIT_SetTimerPeriod
                0x00001994       0x26 ./source/MK60DN512xxx10_Project.o
 .text.PIT_StartTimer
                0x000019ba       0x36 ./source/MK60DN512xxx10_Project.o
 .text.delay    0x000019f0       0x40 ./source/MK60DN512xxx10_Project.o
                0x000019f0                delay
 .text.HardFault_Handler
                0x00001a30       0x2c ./source/semihost_hardfault.o
                0x00001a30                HardFault_Handler
 .text.CLOCK_GetPll0RefFreq
                0x00001a5c        0xe ./drivers/fsl_clock.o
 .text.CLOCK_GetFixedFreqClkFreq
                0x00001a6a       0x2e ./drivers/fsl_clock.o
                0x00001a6a                CLOCK_GetFixedFreqClkFreq
 .text.CLOCK_EnableClock
                0x00001a98       0x32 ./drivers/fsl_pit.o
 .text.UART0_RX_TX_DriverIRQHandler
                0x00001aca        0xc ./drivers/fsl_uart.o
                0x00001aca                UART0_RX_TX_DriverIRQHandler
 .text.UART1_RX_TX_DriverIRQHandler
                0x00001ad6        0xc ./drivers/fsl_uart.o
                0x00001ad6                UART1_RX_TX_DriverIRQHandler
 .text.UART2_RX_TX_DriverIRQHandler
                0x00001ae2        0xc ./drivers/fsl_uart.o
                0x00001ae2                UART2_RX_TX_DriverIRQHandler
 .text.UART3_RX_TX_DriverIRQHandler
                0x00001aee        0xc ./drivers/fsl_uart.o
                0x00001aee                UART3_RX_TX_DriverIRQHandler
 .text.UART4_RX_TX_DriverIRQHandler
                0x00001afa        0xc ./drivers/fsl_uart.o
                0x00001afa                UART4_RX_TX_DriverIRQHandler
 .text.UART5_RX_TX_DriverIRQHandler
                0x00001b06        0xc ./drivers/fsl_uart.o
                0x00001b06                UART5_RX_TX_DriverIRQHandler
 .text.__main   0x00001b12        0xe d:/nxp/mcuxpressoide_10.3.0_2200/ide/plugins/com.nxp.mcuxpresso.tools.win32_10.3.0.201811011841/tools/bin/../lib/gcc/arm-none-eabi/7.3.1/../../../../arm-none-eabi/lib/thumb/v7e-m\libcr_semihost_nf.a(_cr__main.o)
                0x00001b12                __CR_SEMIHOST
                0x00001b12                __main
 .text.memset   0x00001b20        0x4 d:/nxp/mcuxpressoide_10.3.0_2200/ide/plugins/com.nxp.mcuxpresso.tools.win32_10.3.0.201811011841/tools/bin/../lib/gcc/arm-none-eabi/7.3.1/../../../../arm-none-eabi/lib/thumb/v7e-m\libcr_c.a(memset.o)
                0x00001b20                memset
 .text._deferredlazyseek
                0x00001b24       0x40 d:/nxp/mcuxpressoide_10.3.0_2200/ide/plugins/com.nxp.mcuxpresso.tools.win32_10.3.0.201811011841/tools/bin/../lib/gcc/arm-none-eabi/7.3.1/../../../../arm-none-eabi/lib/thumb/v7e-m\libcr_c.a(_deferredlazyseek.o)
                0x00001b24                _deferredlazyseek
 .text.__flsbuf
                0x00001b64      0x140 d:/nxp/mcuxpressoide_10.3.0_2200/ide/plugins/com.nxp.mcuxpresso.tools.win32_10.3.0.201811011841/tools/bin/../lib/gcc/arm-none-eabi/7.3.1/../../../../arm-none-eabi/lib/thumb/v7e-m\libcr_c.a(_deferredlazyseek.o)
                0x00001b64                __flsbuf
 .text._fflush  0x00001ca4       0x52 d:/nxp/mcuxpressoide_10.3.0_2200/ide/plugins/com.nxp.mcuxpresso.tools.win32_10.3.0.201811011841/tools/bin/../lib/gcc/arm-none-eabi/7.3.1/../../../../arm-none-eabi/lib/thumb/v7e-m\libcr_c.a(_fflush.o)
                0x00001ca4                _fflush
 .text.free     0x00001cf6       0x30 d:/nxp/mcuxpressoide_10.3.0_2200/ide/plugins/com.nxp.mcuxpresso.tools.win32_10.3.0.201811011841/tools/bin/../lib/gcc/arm-none-eabi/7.3.1/../../../../arm-none-eabi/lib/thumb/v7e-m\libcr_c.a(alloc.o)
                0x00001cf6                free
 .text.fputs    0x00001d26       0x2c d:/nxp/mcuxpressoide_10.3.0_2200/ide/plugins/com.nxp.mcuxpresso.tools.win32_10.3.0.201811011841/tools/bin/../lib/gcc/arm-none-eabi/7.3.1/../../../../arm-none-eabi/lib/thumb/v7e-m\libcr_c.a(fputs.o)
                0x00001d26                fputs
 .text.strcat   0x00001d52       0x1e d:/nxp/mcuxpressoide_10.3.0_2200/ide/plugins/com.nxp.mcuxpresso.tools.win32_10.3.0.201811011841/tools/bin/../lib/gcc/arm-none-eabi/7.3.1/../../../../arm-none-eabi/lib/thumb/v7e-m\libcr_c.a(strcat.o)
                0x00001d52                strcat
 .text.strlen   0x00001d70       0x4a d:/nxp/mcuxpressoide_10.3.0_2200/ide/plugins/com.nxp.mcuxpresso.tools.win32_10.3.0.201811011841/tools/bin/../lib/gcc/arm-none-eabi/7.3.1/../../../../arm-none-eabi/lib/thumb/v7e-m\libcr_c.a(strlen.o)
                0x00001d70                strlen
 .text._fdopen  0x00001dba       0x68 d:/nxp/mcuxpressoide_10.3.0_2200/ide/plugins/com.nxp.mcuxpresso.tools.win32_10.3.0.201811011841/tools/bin/../lib/gcc/arm-none-eabi/7.3.1/../../../../arm-none-eabi/lib/thumb/v7e-m\libcr_c.a(_fdopen.o)
                0x00001dba                _fdopen
 .text.fclose   0x00001e22       0x58 d:/nxp/mcuxpressoide_10.3.0_2200/ide/plugins/com.nxp.mcuxpresso.tools.win32_10.3.0.201811011841/tools/bin/../lib/gcc/arm-none-eabi/7.3.1/../../../../arm-none-eabi/lib/thumb/v7e-m\libcr_c.a(fclose.o)
                0x00001e22                fclose
 .text.remove   0x00001e7a       0x14 d:/nxp/mcuxpressoide_10.3.0_2200/ide/plugins/com.nxp.mcuxpresso.tools.win32_10.3.0.201811011841/tools/bin/../lib/gcc/arm-none-eabi/7.3.1/../../../../arm-none-eabi/lib/thumb/v7e-m\libcr_c.a(remove.o)
                0x00001e7a                remove
 .text._do_fflush
                0x00001e8e       0x40 d:/nxp/mcuxpressoide_10.3.0_2200/ide/plugins/com.nxp.mcuxpresso.tools.win32_10.3.0.201811011841/tools/bin/../lib/gcc/arm-none-eabi/7.3.1/../../../../arm-none-eabi/lib/thumb/v7e-m\libcr_c.a(_do_fflush.o)
                0x00001e8e                _do_fflush
 .text.__aeabi_division_uldivmod
                0x00001ece      0x174 d:/nxp/mcuxpressoide_10.3.0_2200/ide/plugins/com.nxp.mcuxpresso.tools.win32_10.3.0.201811011841/tools/bin/../lib/gcc/arm-none-eabi/7.3.1/thumb/v7e-m\libcr_eabihelpers.a(division_64.o)
                0x00001ece                __aeabi_uldivmod
                0x00001ed2                __bhs_ldivmod1
 .text.__aeabi_division_idiv0
                0x00002042        0x2 d:/nxp/mcuxpressoide_10.3.0_2200/ide/plugins/com.nxp.mcuxpresso.tools.win32_10.3.0.201811011841/tools/bin/../lib/gcc/arm-none-eabi/7.3.1/thumb/v7e-m\libcr_eabihelpers.a(division_idiv0.o)
                0x00002042                __aeabi_idiv0
 .text.__aeabi_memset_lowlevel
                0x00002044       0x32 d:/nxp/mcuxpressoide_10.3.0_2200/ide/plugins/com.nxp.mcuxpresso.tools.win32_10.3.0.201811011841/tools/bin/../lib/gcc/arm-none-eabi/7.3.1/thumb/v7e-m\libcr_eabihelpers.a(memcpy.o)
                0x00002044                __aeabi_lowlevel_memset
 .text.__sys_close
                0x00002076        0xc d:/nxp/mcuxpressoide_10.3.0_2200/ide/plugins/com.nxp.mcuxpresso.tools.win32_10.3.0.201811011841/tools/bin/../lib/gcc/arm-none-eabi/7.3.1/../../../../arm-none-eabi/lib/thumb/v7e-m\libcr_semihost_nf.a(__sys_close.o)
                0x00002076                __sys_close
 .text.__sys_flen
                0x00002082        0xc d:/nxp/mcuxpressoide_10.3.0_2200/ide/plugins/com.nxp.mcuxpresso.tools.win32_10.3.0.201811011841/tools/bin/../lib/gcc/arm-none-eabi/7.3.1/../../../../arm-none-eabi/lib/thumb/v7e-m\libcr_semihost_nf.a(__sys_flen.o)
                0x00002082                __sys_flen
 .text.__sys_istty
                0x0000208e        0xc d:/nxp/mcuxpressoide_10.3.0_2200/ide/plugins/com.nxp.mcuxpresso.tools.win32_10.3.0.201811011841/tools/bin/../lib/gcc/arm-none-eabi/7.3.1/../../../../arm-none-eabi/lib/thumb/v7e-m\libcr_semihost_nf.a(__sys_istty.o)
                0x0000208e                __sys_istty
 .text.__sys_remove
                0x0000209a        0xc d:/nxp/mcuxpressoide_10.3.0_2200/ide/plugins/com.nxp.mcuxpresso.tools.win32_10.3.0.201811011841/tools/bin/../lib/gcc/arm-none-eabi/7.3.1/../../../../arm-none-eabi/lib/thumb/v7e-m\libcr_semihost_nf.a(__sys_remove.o)
                0x0000209a                __sys_remove
 .text.__sys_seek
                0x000020a6        0xc d:/nxp/mcuxpressoide_10.3.0_2200/ide/plugins/com.nxp.mcuxpresso.tools.win32_10.3.0.201811011841/tools/bin/../lib/gcc/arm-none-eabi/7.3.1/../../../../arm-none-eabi/lib/thumb/v7e-m\libcr_semihost_nf.a(__sys_seek.o)
                0x000020a6                __sys_seek
 .text.__sys_tmpnam
                0x000020b2        0xc d:/nxp/mcuxpressoide_10.3.0_2200/ide/plugins/com.nxp.mcuxpresso.tools.win32_10.3.0.201811011841/tools/bin/../lib/gcc/arm-none-eabi/7.3.1/../../../../arm-none-eabi/lib/thumb/v7e-m\libcr_semihost_nf.a(__sys_tmpnam.o)
                0x000020b2                __sys_tmpnam
 .text.__sys_write
                0x000020be        0xc d:/nxp/mcuxpressoide_10.3.0_2200/ide/plugins/com.nxp.mcuxpresso.tools.win32_10.3.0.201811011841/tools/bin/../lib/gcc/arm-none-eabi/7.3.1/../../../../arm-none-eabi/lib/thumb/v7e-m\libcr_semihost_nf.a(__sys_write.o)
                0x000020be                __sys_write
 *(SORT_BY_ALIGNMENT(.rodata) SORT_BY_ALIGNMENT(.rodata.*) SORT_BY_ALIGNMENT(.constdata) SORT_BY_ALIGNMENT(.constdata.*))
 *fill*         0x000020ca        0x2 ff
 .rodata        0x000020cc       0x26 ./source/MK60DN512xxx10_Project.o
 *fill*         0x000020f2        0x2 ff
 .rodata.digitA
                0x000020f4       0x28 ./source/MK60DN512xxx10_Project.o
                0x000020f4                digitA
 .rodata.digitD
                0x0000211c       0x28 ./source/MK60DN512xxx10_Project.o
                0x0000211c                digitD
 .rodata        0x00002144      0x149 ./drivers/fsl_clock.o
 *fill*         0x0000228d        0x3 ff
 .rodata.fllFactorTable.6359
                0x00002290       0x10 ./drivers/fsl_clock.o
 .rodata        0x000022a0       0x61 ./drivers/fsl_pit.o
 *fill*         0x00002301        0x3 ff
 .rodata.__num_Ciob_streams
                0x00002304        0x4 d:/nxp/mcuxpressoide_10.3.0_2200/ide/plugins/com.nxp.mcuxpresso.tools.win32_10.3.0.201811011841/tools/bin/../lib/gcc/arm-none-eabi/7.3.1/../../../../arm-none-eabi/lib/thumb/v7e-m\libcr_semihost_nf.a(__ciob.o)
                0x00002304                __num_Ciob_streams
 .rodata.__assertion_failed.str1.1
                0x00002308       0x15 d:/nxp/mcuxpressoide_10.3.0_2200/ide/plugins/com.nxp.mcuxpresso.tools.win32_10.3.0.201811011841/tools/bin/../lib/gcc/arm-none-eabi/7.3.1/../../../../arm-none-eabi/lib/thumb/v7e-m\libcr_semihost_nf.a(_cr_assert.o)
 .rodata._Csys_alloc.str1.1
                0x0000231d       0x18 d:/nxp/mcuxpressoide_10.3.0_2200/ide/plugins/com.nxp.mcuxpresso.tools.win32_10.3.0.201811011841/tools/bin/../lib/gcc/arm-none-eabi/7.3.1/../../../../arm-none-eabi/lib/thumb/v7e-m\libcr_c.a(alloc.o)
 .rodata.__ctype
                0x00002335      0x180 d:/nxp/mcuxpressoide_10.3.0_2200/ide/plugins/com.nxp.mcuxpresso.tools.win32_10.3.0.201811011841/tools/bin/../lib/gcc/arm-none-eabi/7.3.1/../../../../arm-none-eabi/lib/thumb/v7e-m\libcr_c.a(ctype.o)
                0x00002335                __ctype
 .rodata._initio.str1.1
                0x000024b5        0x4 d:/nxp/mcuxpressoide_10.3.0_2200/ide/plugins/com.nxp.mcuxpresso.tools.win32_10.3.0.201811011841/tools/bin/../lib/gcc/arm-none-eabi/7.3.1/../../../../arm-none-eabi/lib/thumb/v7e-m\libcr_c.a(initio.o)
                0x000024bc                . = ALIGN (0x4)
 *fill*         0x000024b9        0x3 ff

.glue_7         0x000024bc        0x0
 .glue_7        0x000024bc        0x0 linker stubs

.glue_7t        0x000024bc        0x0
 .glue_7t       0x000024bc        0x0 linker stubs

.vfp11_veneer   0x000024bc        0x0
 .vfp11_veneer  0x000024bc        0x0 linker stubs

.v4_bx          0x000024bc        0x0
 .v4_bx         0x000024bc        0x0 linker stubs

.iplt           0x000024bc        0x0
 .iplt          0x000024bc        0x0 ./startup/startup_mk60d10.o

.rel.dyn        0x000024bc        0x0
 .rel.iplt      0x000024bc        0x0 ./startup/startup_mk60d10.o

.ARM.extab
 *(SORT_BY_ALIGNMENT(.ARM.extab*) SORT_BY_ALIGNMENT(.gnu.linkonce.armextab.*))
                0x000024bc                __exidx_start = .

.ARM.exidx
 *(SORT_BY_ALIGNMENT(.ARM.exidx*) SORT_BY_ALIGNMENT(.gnu.linkonce.armexidx.*))
                0x000024bc                __exidx_end = .
                0x000024bc                _etext = .

.m_usb_data
 *(SORT_BY_ALIGNMENT(m_usb_bdt))

.data_RAM2      0x1fff0000        0x0 load address 0x000024bc
 FILL mask 0xff
                [!provide]                PROVIDE (__start_data_RAM2 = .)
 *(SORT_BY_ALIGNMENT(.ramfunc.$RAM2))
 *(SORT_BY_ALIGNMENT(.ramfunc.$SRAM_LOWER))
 *(SORT_BY_ALIGNMENT(.data.$RAM2*))
 *(SORT_BY_ALIGNMENT(.data.$SRAM_LOWER*))
                0x1fff0000                . = ALIGN (0x4)
                [!provide]                PROVIDE (__end_data_RAM2 = .)

.data_RAM3      0x14000000        0x0 load address 0x000024bc
 FILL mask 0xff
                [!provide]                PROVIDE (__start_data_RAM3 = .)
 *(SORT_BY_ALIGNMENT(.ramfunc.$RAM3))
 *(SORT_BY_ALIGNMENT(.ramfunc.$FLEX_RAM))
 *(SORT_BY_ALIGNMENT(.data.$RAM3*))
 *(SORT_BY_ALIGNMENT(.data.$FLEX_RAM*))
                0x14000000                . = ALIGN (0x4)
                [!provide]                PROVIDE (__end_data_RAM3 = .)

.uninit_RESERVED
                0x20000000        0x0
 *(SORT_BY_ALIGNMENT(.bss.$RESERVED*))
                0x20000000                . = ALIGN (0x4)
                0x20000000                _end_uninit_RESERVED = .

.data           0x20000000       0x1c load address 0x000024bc
 FILL mask 0xff
                0x20000000                _data = .
 *(SORT_BY_ALIGNMENT(vtable))
 *(SORT_BY_ALIGNMENT(.ramfunc*))
 *(SORT_BY_ALIGNMENT(.data*))
 .data.result   0x20000000        0x5 ./source/MK60DN512xxx10_Project.o
                0x20000000                result
 *fill*         0x20000005        0x3 ff
 .data.rise_threshold
                0x20000008        0x4 ./source/MK60DN512xxx10_Project.o
                0x20000008                rise_threshold
 .data.mutex    0x2000000c        0x4 ./source/MK60DN512xxx10_Project.o
                0x2000000c                mutex
 .data.measuring
                0x20000010        0x4 ./source/MK60DN512xxx10_Project.o
                0x20000010                measuring
 .data.s_slowIrcFreq
                0x20000014        0x4 ./drivers/fsl_clock.o
 .data.s_fastIrcFreq
                0x20000018        0x4 ./drivers/fsl_clock.o
                0x2000001c                . = ALIGN (0x4)
                0x2000001c                _edata = .

.igot.plt       0x2000001c        0x0 load address 0x000024d8
 .igot.plt      0x2000001c        0x0 ./startup/startup_mk60d10.o

.bss_RAM2       0x1fff0000        0x0
                [!provide]                PROVIDE (__start_bss_RAM2 = .)
 *(SORT_BY_ALIGNMENT(.bss.$RAM2*))
 *(SORT_BY_ALIGNMENT(.bss.$SRAM_LOWER*))
                0x1fff0000                . = ALIGN ((. != 0x0)?0x4:0x1)
                [!provide]                PROVIDE (__end_bss_RAM2 = .)

.bss_RAM3       0x14000000        0x0
                [!provide]                PROVIDE (__start_bss_RAM3 = .)
 *(SORT_BY_ALIGNMENT(.bss.$RAM3*))
 *(SORT_BY_ALIGNMENT(.bss.$FLEX_RAM*))
                0x14000000                . = ALIGN ((. != 0x0)?0x4:0x1)
                [!provide]                PROVIDE (__end_bss_RAM3 = .)

.bss            0x2000001c      0x128
                0x2000001c                _bss = .
 *(SORT_BY_ALIGNMENT(.bss*))
 .bss.index     0x2000001c        0x4 ./source/MK60DN512xxx10_Project.o
                0x2000001c                index
 .bss.readings  0x20000020       0x10 ./source/MK60DN512xxx10_Project.o
                0x20000020                readings
 .bss.total     0x20000030        0x4 ./source/MK60DN512xxx10_Project.o
                0x20000030                total
 .bss.average   0x20000034        0x4 ./source/MK60DN512xxx10_Project.o
                0x20000034                average
 .bss.before    0x20000038        0x4 ./source/MK60DN512xxx10_Project.o
                0x20000038                before
 .bss.beats     0x2000003c        0x4 ./source/MK60DN512xxx10_Project.o
                0x2000003c                beats
 .bss.rise_count
                0x20000040        0x4 ./source/MK60DN512xxx10_Project.o
                0x20000040                rise_count
 .bss.rising    0x20000044        0x4 ./source/MK60DN512xxx10_Project.o
                0x20000044                rising
 .bss.samples   0x20000048        0x4 ./source/MK60DN512xxx10_Project.o
                0x20000048                samples
 .bss.ptr       0x2000004c        0x4 ./source/MK60DN512xxx10_Project.o
                0x2000004c                ptr
 .bss.sum       0x20000050        0x4 ./source/MK60DN512xxx10_Project.o
                0x20000050                sum
 .bss.n         0x20000054        0x4 ./source/MK60DN512xxx10_Project.o
                0x20000054                n
 .bss.interrupts
                0x20000058        0x4 ./source/MK60DN512xxx10_Project.o
                0x20000058                interrupts
 .bss.measured  0x2000005c        0x4 ./source/MK60DN512xxx10_Project.o
                0x2000005c                measured
 .bss.g_xtal0Freq
                0x20000060        0x4 ./drivers/fsl_clock.o
                0x20000060                g_xtal0Freq
 .bss.g_xtal32Freq
                0x20000064        0x4 ./drivers/fsl_clock.o
                0x20000064                g_xtal32Freq
 .bss.s_uartHandle
                0x20000068       0x18 ./drivers/fsl_uart.o
 .bss.s_uartIsr
                0x20000080        0x4 ./drivers/fsl_uart.o
 .bss.__Ciob    0x20000084       0xb4 d:/nxp/mcuxpressoide_10.3.0_2200/ide/plugins/com.nxp.mcuxpresso.tools.win32_10.3.0.201811011841/tools/bin/../lib/gcc/arm-none-eabi/7.3.1/../../../../arm-none-eabi/lib/thumb/v7e-m\libcr_semihost_nf.a(__ciob.o)
                0x20000084                __Ciob
 .bss.__end_of_heap
                0x20000138        0x4 d:/nxp/mcuxpressoide_10.3.0_2200/ide/plugins/com.nxp.mcuxpresso.tools.win32_10.3.0.201811011841/tools/bin/../lib/gcc/arm-none-eabi/7.3.1/../../../../arm-none-eabi/lib/thumb/v7e-m\libcr_c.a(__init_alloc.o)
                0x20000138                __end_of_heap
 .bss.__heaps   0x2000013c        0x4 d:/nxp/mcuxpressoide_10.3.0_2200/ide/plugins/com.nxp.mcuxpresso.tools.win32_10.3.0.201811011841/tools/bin/../lib/gcc/arm-none-eabi/7.3.1/../../../../arm-none-eabi/lib/thumb/v7e-m\libcr_c.a(__init_alloc.o)
                0x2000013c                __heaps
 .bss.errno     0x20000140        0x4 d:/nxp/mcuxpressoide_10.3.0_2200/ide/plugins/com.nxp.mcuxpresso.tools.win32_10.3.0.201811011841/tools/bin/../lib/gcc/arm-none-eabi/7.3.1/../../../../arm-none-eabi/lib/thumb/v7e-m\libcr_c.a(errno.o)
                0x20000140                errno
 *(SORT_BY_ALIGNMENT(COMMON))
                0x20000144                . = ALIGN (0x4)
                0x20000144                _ebss = .
                [!provide]                PROVIDE (end = .)

.noinit_RAM2    0x1fff0000        0x0
 *(SORT_BY_ALIGNMENT(.noinit.$RAM2*))
 *(SORT_BY_ALIGNMENT(.noinit.$SRAM_LOWER*))
                0x1fff0000                . = ALIGN (0x4)

.noinit_RAM3    0x14000000        0x0
 *(SORT_BY_ALIGNMENT(.noinit.$RAM3*))
 *(SORT_BY_ALIGNMENT(.noinit.$FLEX_RAM*))
                0x14000000                . = ALIGN (0x4)

.noinit         0x20000144        0x0
                0x20000144                _noinit = .
 *(SORT_BY_ALIGNMENT(.noinit*))
                0x20000144                . = ALIGN (0x4)
                0x20000144                _end_noinit = .
                0x00001000                _HeapSize = 0x1000

.heap           0x20000144     0x1000
                0x20000144                _pvHeapStart = .
                0x20001144                . = (. + _HeapSize)
 *fill*         0x20000144     0x1000 
                0x20001144                . = ALIGN (0x4)
                0x20001144                _pvHeapLimit = .
                0x00001000                _StackSize = 0x1000

.heap2stackfill
                0x20001144     0x1000
                0x20002144                . = (. + _StackSize)
 *fill*         0x20001144     0x1000 

.stack          0x2000f000        0x0
                0x2000f000                _vStackBase = .
                0x2000f000                . = ALIGN (0x4)
                0x20010000                _vStackTop = (. + _StackSize)
                0x00000000                _image_start = LOADADDR (.text)
                0x000024d8                _image_end = (LOADADDR (.data) + SIZEOF (.data))
                0x000024d8                _image_size = (_image_end - _image_start)
OUTPUT(MK60DN512xxx10_Project.axf elf32-littlearm)

.debug_info     0x00000000     0x5f42
 .debug_info    0x00000000      0x952 ./startup/startup_mk60d10.o
 .debug_info    0x00000952     0x168b ./source/MK60DN512xxx10_Project.o
 .debug_info    0x00001fdd       0x3b ./source/semihost_hardfault.o
 .debug_info    0x00002018     0x1acb ./drivers/fsl_clock.o
 .debug_info    0x00003ae3      0x663 ./drivers/fsl_pit.o
 .debug_info    0x00004146     0x1959 ./drivers/fsl_uart.o
 .debug_info    0x00005a9f      0x4a3 ./CMSIS/system_MK60D10.o

.debug_abbrev   0x00000000      0xdc8
 .debug_abbrev  0x00000000      0x15c ./startup/startup_mk60d10.o
 .debug_abbrev  0x0000015c      0x2f7 ./source/MK60DN512xxx10_Project.o
 .debug_abbrev  0x00000453       0x2f ./source/semihost_hardfault.o
 .debug_abbrev  0x00000482      0x320 ./drivers/fsl_clock.o
 .debug_abbrev  0x000007a2      0x1d9 ./drivers/fsl_pit.o
 .debug_abbrev  0x0000097b      0x311 ./drivers/fsl_uart.o
 .debug_abbrev  0x00000c8c      0x13c ./CMSIS/system_MK60D10.o

.debug_aranges  0x00000000      0x7f0
 .debug_aranges
                0x00000000      0x378 ./startup/startup_mk60d10.o
 .debug_aranges
                0x00000378       0x98 ./source/MK60DN512xxx10_Project.o
 .debug_aranges
                0x00000410       0x20 ./source/semihost_hardfault.o
 .debug_aranges
                0x00000430      0x1e8 ./drivers/fsl_clock.o
 .debug_aranges
                0x00000618       0x40 ./drivers/fsl_pit.o
 .debug_aranges
                0x00000658      0x170 ./drivers/fsl_uart.o
 .debug_aranges
                0x000007c8       0x28 ./CMSIS/system_MK60D10.o

.debug_ranges   0x00000000      0x780
 .debug_ranges  0x00000000      0x368 ./startup/startup_mk60d10.o
 .debug_ranges  0x00000368       0x88 ./source/MK60DN512xxx10_Project.o
 .debug_ranges  0x000003f0       0x10 ./source/semihost_hardfault.o
 .debug_ranges  0x00000400      0x1d8 ./drivers/fsl_clock.o
 .debug_ranges  0x000005d8       0x30 ./drivers/fsl_pit.o
 .debug_ranges  0x00000608      0x160 ./drivers/fsl_uart.o
 .debug_ranges  0x00000768       0x18 ./CMSIS/system_MK60D10.o

.debug_macro    0x00000000      0x9a9
 .debug_macro   0x00000000       0x29 ./startup/startup_mk60d10.o
 .debug_macro   0x00000029      0x225 ./source/MK60DN512xxx10_Project.o
 .debug_macro   0x0000024e       0x1c ./source/MK60DN512xxx10_Project.o
 .debug_macro   0x0000026a       0x16 ./source/MK60DN512xxx10_Project.o
 .debug_macro   0x00000280       0x10 ./source/MK60DN512xxx10_Project.o
 .debug_macro   0x00000290      0x1f6 ./source/MK60DN512xxx10_Project.o
 .debug_macro   0x00000486       0x34 ./source/MK60DN512xxx10_Project.o
 .debug_macro   0x000004ba       0x22 ./source/MK60DN512xxx10_Project.o
 .debug_macro   0x000004dc       0x7c ./source/MK60DN512xxx10_Project.o
 .debug_macro   0x00000558       0x11 ./source/semihost_hardfault.o
 .debug_macro   0x00000569      0x1ad ./drivers/fsl_clock.o
 .debug_macro   0x00000716       0xf7 ./drivers/fsl_pit.o
 .debug_macro   0x0000080d       0xfd ./drivers/fsl_uart.o
 .debug_macro   0x0000090a       0x9f ./CMSIS/system_MK60D10.o

.debug_line     0x00000000     0x2645
 .debug_line    0x00000000      0x776 ./startup/startup_mk60d10.o
 .debug_line    0x00000776      0x520 ./source/MK60DN512xxx10_Project.o
 .debug_line    0x00000c96       0x54 ./source/semihost_hardfault.o
 .debug_line    0x00000cea      0xa60 ./drivers/fsl_clock.o
 .debug_line    0x0000174a      0x2e7 ./drivers/fsl_pit.o
 .debug_line    0x00001a31      0x999 ./drivers/fsl_uart.o
 .debug_line    0x000023ca      0x27b ./CMSIS/system_MK60D10.o

.debug_str      0x00000000    0x7ddc3
 .debug_str     0x00000000     0x3681 ./startup/startup_mk60d10.o
                               0x3701 (size before relaxing)
 .debug_str     0x00003681    0x782b6 ./source/MK60DN512xxx10_Project.o
                              0x7b1a8 (size before relaxing)
 .debug_str     0x0007b937       0x1f ./source/semihost_hardfault.o
                               0x2da7 (size before relaxing)
 .debug_str     0x0007b956     0x1693 ./drivers/fsl_clock.o
                              0x7a607 (size before relaxing)
 .debug_str     0x0007cfe9       0x59 ./drivers/fsl_pit.o
                              0x78dd6 (size before relaxing)
 .debug_str     0x0007d042      0xd32 ./drivers/fsl_uart.o
                              0x7a1cc (size before relaxing)
 .debug_str     0x0007dd74       0x4f ./CMSIS/system_MK60D10.o
                              0x77acc (size before relaxing)

.comment        0x00000000       0x7f
 .comment       0x00000000       0x7f ./startup/startup_mk60d10.o
                                 0x80 (size before relaxing)
 .comment       0x0000007f       0x80 ./source/MK60DN512xxx10_Project.o
 .comment       0x0000007f       0x80 ./source/semihost_hardfault.o
 .comment       0x0000007f       0x80 ./drivers/fsl_clock.o
 .comment       0x0000007f       0x80 ./drivers/fsl_pit.o
 .comment       0x0000007f       0x80 ./drivers/fsl_uart.o
 .comment       0x0000007f       0x80 ./CMSIS/system_MK60D10.o
 .comment       0x0000007f       0x80 d:/nxp/mcuxpressoide_10.3.0_2200/ide/plugins/com.nxp.mcuxpresso.tools.win32_10.3.0.201811011841/tools/bin/../lib/gcc/arm-none-eabi/7.3.1/../../../../arm-none-eabi/lib/thumb/v7e-m\libcr_semihost_nf.a(_cr__main.o)
 .comment       0x0000007f       0x80 d:/nxp/mcuxpressoide_10.3.0_2200/ide/plugins/com.nxp.mcuxpresso.tools.win32_10.3.0.201811011841/tools/bin/../lib/gcc/arm-none-eabi/7.3.1/../../../../arm-none-eabi/lib/thumb/v7e-m\libcr_semihost_nf.a(_cr_assert.o)
 .comment       0x0000007f       0x80 d:/nxp/mcuxpressoide_10.3.0_2200/ide/plugins/com.nxp.mcuxpresso.tools.win32_10.3.0.201811011841/tools/bin/../lib/gcc/arm-none-eabi/7.3.1/../../../../arm-none-eabi/lib/thumb/v7e-m\libcr_semihost_nf.a(__ciob.o)
 .comment       0x0000007f       0x80 d:/nxp/mcuxpressoide_10.3.0_2200/ide/plugins/com.nxp.mcuxpresso.tools.win32_10.3.0.201811011841/tools/bin/../lib/gcc/arm-none-eabi/7.3.1/../../../../arm-none-eabi/lib/thumb/v7e-m\libcr_c.a(memset.o)
 .comment       0x0000007f       0x80 d:/nxp/mcuxpressoide_10.3.0_2200/ide/plugins/com.nxp.mcuxpresso.tools.win32_10.3.0.201811011841/tools/bin/../lib/gcc/arm-none-eabi/7.3.1/../../../../arm-none-eabi/lib/thumb/v7e-m\libcr_c.a(_deferredlazyseek.o)
 .comment       0x0000007f       0x80 d:/nxp/mcuxpressoide_10.3.0_2200/ide/plugins/com.nxp.mcuxpresso.tools.win32_10.3.0.201811011841/tools/bin/../lib/gcc/arm-none-eabi/7.3.1/../../../../arm-none-eabi/lib/thumb/v7e-m\libcr_c.a(_fflush.o)
 .comment       0x0000007f       0x80 d:/nxp/mcuxpressoide_10.3.0_2200/ide/plugins/com.nxp.mcuxpresso.tools.win32_10.3.0.201811011841/tools/bin/../lib/gcc/arm-none-eabi/7.3.1/../../../../arm-none-eabi/lib/thumb/v7e-m\libcr_c.a(_writebuf.o)
 .comment       0x0000007f       0x80 d:/nxp/mcuxpressoide_10.3.0_2200/ide/plugins/com.nxp.mcuxpresso.tools.win32_10.3.0.201811011841/tools/bin/../lib/gcc/arm-none-eabi/7.3.1/../../../../arm-none-eabi/lib/thumb/v7e-m\libcr_c.a(alloc.o)
 .comment       0x0000007f       0x80 d:/nxp/mcuxpressoide_10.3.0_2200/ide/plugins/com.nxp.mcuxpresso.tools.win32_10.3.0.201811011841/tools/bin/../lib/gcc/arm-none-eabi/7.3.1/../../../../arm-none-eabi/lib/thumb/v7e-m\libcr_c.a(ctype.o)
 .comment       0x0000007f       0x80 d:/nxp/mcuxpressoide_10.3.0_2200/ide/plugins/com.nxp.mcuxpresso.tools.win32_10.3.0.201811011841/tools/bin/../lib/gcc/arm-none-eabi/7.3.1/../../../../arm-none-eabi/lib/thumb/v7e-m\libcr_c.a(fputs.o)
 .comment       0x0000007f       0x80 d:/nxp/mcuxpressoide_10.3.0_2200/ide/plugins/com.nxp.mcuxpresso.tools.win32_10.3.0.201811011841/tools/bin/../lib/gcc/arm-none-eabi/7.3.1/../../../../arm-none-eabi/lib/thumb/v7e-m\libcr_c.a(fseek.o)
 .comment       0x0000007f       0x80 d:/nxp/mcuxpressoide_10.3.0_2200/ide/plugins/com.nxp.mcuxpresso.tools.win32_10.3.0.201811011841/tools/bin/../lib/gcc/arm-none-eabi/7.3.1/../../../../arm-none-eabi/lib/thumb/v7e-m\libcr_c.a(ftell.o)
 .comment       0x0000007f       0x80 d:/nxp/mcuxpressoide_10.3.0_2200/ide/plugins/com.nxp.mcuxpresso.tools.win32_10.3.0.201811011841/tools/bin/../lib/gcc/arm-none-eabi/7.3.1/../../../../arm-none-eabi/lib/thumb/v7e-m\libcr_c.a(initio.o)
 .comment       0x0000007f       0x80 d:/nxp/mcuxpressoide_10.3.0_2200/ide/plugins/com.nxp.mcuxpresso.tools.win32_10.3.0.201811011841/tools/bin/../lib/gcc/arm-none-eabi/7.3.1/../../../../arm-none-eabi/lib/thumb/v7e-m\libcr_c.a(setvbuf.o)
 .comment       0x0000007f       0x80 d:/nxp/mcuxpressoide_10.3.0_2200/ide/plugins/com.nxp.mcuxpresso.tools.win32_10.3.0.201811011841/tools/bin/../lib/gcc/arm-none-eabi/7.3.1/../../../../arm-none-eabi/lib/thumb/v7e-m\libcr_c.a(strcat.o)
 .comment       0x0000007f       0x80 d:/nxp/mcuxpressoide_10.3.0_2200/ide/plugins/com.nxp.mcuxpresso.tools.win32_10.3.0.201811011841/tools/bin/../lib/gcc/arm-none-eabi/7.3.1/../../../../arm-none-eabi/lib/thumb/v7e-m\libcr_c.a(strlen.o)
 .comment       0x0000007f       0x80 d:/nxp/mcuxpressoide_10.3.0_2200/ide/plugins/com.nxp.mcuxpresso.tools.win32_10.3.0.201811011841/tools/bin/../lib/gcc/arm-none-eabi/7.3.1/../../../../arm-none-eabi/lib/thumb/v7e-m\libcr_c.a(__init_alloc.o)
 .comment       0x0000007f       0x80 d:/nxp/mcuxpressoide_10.3.0_2200/ide/plugins/com.nxp.mcuxpresso.tools.win32_10.3.0.201811011841/tools/bin/../lib/gcc/arm-none-eabi/7.3.1/../../../../arm-none-eabi/lib/thumb/v7e-m\libcr_c.a(_cr_sbrk.o)
 .comment       0x0000007f       0x80 d:/nxp/mcuxpressoide_10.3.0_2200/ide/plugins/com.nxp.mcuxpresso.tools.win32_10.3.0.201811011841/tools/bin/../lib/gcc/arm-none-eabi/7.3.1/../../../../arm-none-eabi/lib/thumb/v7e-m\libcr_c.a(_fdopen.o)
 .comment       0x0000007f       0x80 d:/nxp/mcuxpressoide_10.3.0_2200/ide/plugins/com.nxp.mcuxpresso.tools.win32_10.3.0.201811011841/tools/bin/../lib/gcc/arm-none-eabi/7.3.1/../../../../arm-none-eabi/lib/thumb/v7e-m\libcr_c.a(errno.o)
 .comment       0x0000007f       0x80 d:/nxp/mcuxpressoide_10.3.0_2200/ide/plugins/com.nxp.mcuxpresso.tools.win32_10.3.0.201811011841/tools/bin/../lib/gcc/arm-none-eabi/7.3.1/../../../../arm-none-eabi/lib/thumb/v7e-m\libcr_c.a(fclose.o)
 .comment       0x0000007f       0x80 d:/nxp/mcuxpressoide_10.3.0_2200/ide/plugins/com.nxp.mcuxpresso.tools.win32_10.3.0.201811011841/tools/bin/../lib/gcc/arm-none-eabi/7.3.1/../../../../arm-none-eabi/lib/thumb/v7e-m\libcr_c.a(fflush.o)
 .comment       0x0000007f       0x80 d:/nxp/mcuxpressoide_10.3.0_2200/ide/plugins/com.nxp.mcuxpresso.tools.win32_10.3.0.201811011841/tools/bin/../lib/gcc/arm-none-eabi/7.3.1/../../../../arm-none-eabi/lib/thumb/v7e-m\libcr_c.a(remove.o)
 .comment       0x0000007f       0x80 d:/nxp/mcuxpressoide_10.3.0_2200/ide/plugins/com.nxp.mcuxpresso.tools.win32_10.3.0.201811011841/tools/bin/../lib/gcc/arm-none-eabi/7.3.1/../../../../arm-none-eabi/lib/thumb/v7e-m\libcr_c.a(_cr_check_heap.o)
 .comment       0x0000007f       0x80 d:/nxp/mcuxpressoide_10.3.0_2200/ide/plugins/com.nxp.mcuxpresso.tools.win32_10.3.0.201811011841/tools/bin/../lib/gcc/arm-none-eabi/7.3.1/../../../../arm-none-eabi/lib/thumb/v7e-m\libcr_c.a(_do_fflush.o)

.ARM.attributes
                0x00000000       0x31
 .ARM.attributes
                0x00000000       0x33 ./startup/startup_mk60d10.o
 .ARM.attributes
                0x00000033       0x33 ./source/MK60DN512xxx10_Project.o
 .ARM.attributes
                0x00000066       0x33 ./source/semihost_hardfault.o
 .ARM.attributes
                0x00000099       0x33 ./drivers/fsl_clock.o
 .ARM.attributes
                0x000000cc       0x33 ./drivers/fsl_pit.o
 .ARM.attributes
                0x000000ff       0x33 ./drivers/fsl_uart.o
 .ARM.attributes
                0x00000132       0x33 ./CMSIS/system_MK60D10.o
 .ARM.attributes
                0x00000165       0x33 d:/nxp/mcuxpressoide_10.3.0_2200/ide/plugins/com.nxp.mcuxpresso.tools.win32_10.3.0.201811011841/tools/bin/../lib/gcc/arm-none-eabi/7.3.1/../../../../arm-none-eabi/lib/thumb/v7e-m\libcr_semihost_nf.a(_cr__main.o)
 .ARM.attributes
                0x00000198       0x33 d:/nxp/mcuxpressoide_10.3.0_2200/ide/plugins/com.nxp.mcuxpresso.tools.win32_10.3.0.201811011841/tools/bin/../lib/gcc/arm-none-eabi/7.3.1/../../../../arm-none-eabi/lib/thumb/v7e-m\libcr_semihost_nf.a(_cr_assert.o)
 .ARM.attributes
                0x000001cb       0x33 d:/nxp/mcuxpressoide_10.3.0_2200/ide/plugins/com.nxp.mcuxpresso.tools.win32_10.3.0.201811011841/tools/bin/../lib/gcc/arm-none-eabi/7.3.1/../../../../arm-none-eabi/lib/thumb/v7e-m\libcr_semihost_nf.a(__ciob.o)
 .ARM.attributes
                0x000001fe       0x21 d:/nxp/mcuxpressoide_10.3.0_2200/ide/plugins/com.nxp.mcuxpresso.tools.win32_10.3.0.201811011841/tools/bin/../lib/gcc/arm-none-eabi/7.3.1/../../../../arm-none-eabi/lib/thumb/v7e-m\libcr_semihost_nf.a(__sys_appexit.o)
 .ARM.attributes
                0x0000021f       0x33 d:/nxp/mcuxpressoide_10.3.0_2200/ide/plugins/com.nxp.mcuxpresso.tools.win32_10.3.0.201811011841/tools/bin/../lib/gcc/arm-none-eabi/7.3.1/../../../../arm-none-eabi/lib/thumb/v7e-m\libcr_c.a(memset.o)
 .ARM.attributes
                0x00000252       0x33 d:/nxp/mcuxpressoide_10.3.0_2200/ide/plugins/com.nxp.mcuxpresso.tools.win32_10.3.0.201811011841/tools/bin/../lib/gcc/arm-none-eabi/7.3.1/../../../../arm-none-eabi/lib/thumb/v7e-m\libcr_c.a(_deferredlazyseek.o)
 .ARM.attributes
                0x00000285       0x33 d:/nxp/mcuxpressoide_10.3.0_2200/ide/plugins/com.nxp.mcuxpresso.tools.win32_10.3.0.201811011841/tools/bin/../lib/gcc/arm-none-eabi/7.3.1/../../../../arm-none-eabi/lib/thumb/v7e-m\libcr_c.a(_fflush.o)
 .ARM.attributes
                0x000002b8       0x33 d:/nxp/mcuxpressoide_10.3.0_2200/ide/plugins/com.nxp.mcuxpresso.tools.win32_10.3.0.201811011841/tools/bin/../lib/gcc/arm-none-eabi/7.3.1/../../../../arm-none-eabi/lib/thumb/v7e-m\libcr_c.a(_writebuf.o)
 .ARM.attributes
                0x000002eb       0x33 d:/nxp/mcuxpressoide_10.3.0_2200/ide/plugins/com.nxp.mcuxpresso.tools.win32_10.3.0.201811011841/tools/bin/../lib/gcc/arm-none-eabi/7.3.1/../../../../arm-none-eabi/lib/thumb/v7e-m\libcr_c.a(alloc.o)
 .ARM.attributes
                0x0000031e       0x33 d:/nxp/mcuxpressoide_10.3.0_2200/ide/plugins/com.nxp.mcuxpresso.tools.win32_10.3.0.201811011841/tools/bin/../lib/gcc/arm-none-eabi/7.3.1/../../../../arm-none-eabi/lib/thumb/v7e-m\libcr_c.a(ctype.o)
 .ARM.attributes
                0x00000351       0x33 d:/nxp/mcuxpressoide_10.3.0_2200/ide/plugins/com.nxp.mcuxpresso.tools.win32_10.3.0.201811011841/tools/bin/../lib/gcc/arm-none-eabi/7.3.1/../../../../arm-none-eabi/lib/thumb/v7e-m\libcr_c.a(fputs.o)
 .ARM.attributes
                0x00000384       0x33 d:/nxp/mcuxpressoide_10.3.0_2200/ide/plugins/com.nxp.mcuxpresso.tools.win32_10.3.0.201811011841/tools/bin/../lib/gcc/arm-none-eabi/7.3.1/../../../../arm-none-eabi/lib/thumb/v7e-m\libcr_c.a(fseek.o)
 .ARM.attributes
                0x000003b7       0x33 d:/nxp/mcuxpressoide_10.3.0_2200/ide/plugins/com.nxp.mcuxpresso.tools.win32_10.3.0.201811011841/tools/bin/../lib/gcc/arm-none-eabi/7.3.1/../../../../arm-none-eabi/lib/thumb/v7e-m\libcr_c.a(ftell.o)
 .ARM.attributes
                0x000003ea       0x33 d:/nxp/mcuxpressoide_10.3.0_2200/ide/plugins/com.nxp.mcuxpresso.tools.win32_10.3.0.201811011841/tools/bin/../lib/gcc/arm-none-eabi/7.3.1/../../../../arm-none-eabi/lib/thumb/v7e-m\libcr_c.a(initio.o)
 .ARM.attributes
                0x0000041d       0x33 d:/nxp/mcuxpressoide_10.3.0_2200/ide/plugins/com.nxp.mcuxpresso.tools.win32_10.3.0.201811011841/tools/bin/../lib/gcc/arm-none-eabi/7.3.1/../../../../arm-none-eabi/lib/thumb/v7e-m\libcr_c.a(setvbuf.o)
 .ARM.attributes
                0x00000450       0x33 d:/nxp/mcuxpressoide_10.3.0_2200/ide/plugins/com.nxp.mcuxpresso.tools.win32_10.3.0.201811011841/tools/bin/../lib/gcc/arm-none-eabi/7.3.1/../../../../arm-none-eabi/lib/thumb/v7e-m\libcr_c.a(strcat.o)
 .ARM.attributes
                0x00000483       0x33 d:/nxp/mcuxpressoide_10.3.0_2200/ide/plugins/com.nxp.mcuxpresso.tools.win32_10.3.0.201811011841/tools/bin/../lib/gcc/arm-none-eabi/7.3.1/../../../../arm-none-eabi/lib/thumb/v7e-m\libcr_c.a(strlen.o)
 .ARM.attributes
                0x000004b6       0x33 d:/nxp/mcuxpressoide_10.3.0_2200/ide/plugins/com.nxp.mcuxpresso.tools.win32_10.3.0.201811011841/tools/bin/../lib/gcc/arm-none-eabi/7.3.1/../../../../arm-none-eabi/lib/thumb/v7e-m\libcr_c.a(__init_alloc.o)
 .ARM.attributes
                0x000004e9       0x33 d:/nxp/mcuxpressoide_10.3.0_2200/ide/plugins/com.nxp.mcuxpresso.tools.win32_10.3.0.201811011841/tools/bin/../lib/gcc/arm-none-eabi/7.3.1/../../../../arm-none-eabi/lib/thumb/v7e-m\libcr_c.a(_cr_sbrk.o)
 .ARM.attributes
                0x0000051c       0x33 d:/nxp/mcuxpressoide_10.3.0_2200/ide/plugins/com.nxp.mcuxpresso.tools.win32_10.3.0.201811011841/tools/bin/../lib/gcc/arm-none-eabi/7.3.1/../../../../arm-none-eabi/lib/thumb/v7e-m\libcr_c.a(_fdopen.o)
 .ARM.attributes
                0x0000054f       0x33 d:/nxp/mcuxpressoide_10.3.0_2200/ide/plugins/com.nxp.mcuxpresso.tools.win32_10.3.0.201811011841/tools/bin/../lib/gcc/arm-none-eabi/7.3.1/../../../../arm-none-eabi/lib/thumb/v7e-m\libcr_c.a(errno.o)
 .ARM.attributes
                0x00000582       0x33 d:/nxp/mcuxpressoide_10.3.0_2200/ide/plugins/com.nxp.mcuxpresso.tools.win32_10.3.0.201811011841/tools/bin/../lib/gcc/arm-none-eabi/7.3.1/../../../../arm-none-eabi/lib/thumb/v7e-m\libcr_c.a(fclose.o)
 .ARM.attributes
                0x000005b5       0x33 d:/nxp/mcuxpressoide_10.3.0_2200/ide/plugins/com.nxp.mcuxpresso.tools.win32_10.3.0.201811011841/tools/bin/../lib/gcc/arm-none-eabi/7.3.1/../../../../arm-none-eabi/lib/thumb/v7e-m\libcr_c.a(fflush.o)
 .ARM.attributes
                0x000005e8       0x33 d:/nxp/mcuxpressoide_10.3.0_2200/ide/plugins/com.nxp.mcuxpresso.tools.win32_10.3.0.201811011841/tools/bin/../lib/gcc/arm-none-eabi/7.3.1/../../../../arm-none-eabi/lib/thumb/v7e-m\libcr_c.a(remove.o)
 .ARM.attributes
                0x0000061b       0x33 d:/nxp/mcuxpressoide_10.3.0_2200/ide/plugins/com.nxp.mcuxpresso.tools.win32_10.3.0.201811011841/tools/bin/../lib/gcc/arm-none-eabi/7.3.1/../../../../arm-none-eabi/lib/thumb/v7e-m\libcr_c.a(_cr_check_heap.o)
 .ARM.attributes
                0x0000064e       0x33 d:/nxp/mcuxpressoide_10.3.0_2200/ide/plugins/com.nxp.mcuxpresso.tools.win32_10.3.0.201811011841/tools/bin/../lib/gcc/arm-none-eabi/7.3.1/../../../../arm-none-eabi/lib/thumb/v7e-m\libcr_c.a(_do_fflush.o)
 .ARM.attributes
                0x00000681       0x21 d:/nxp/mcuxpressoide_10.3.0_2200/ide/plugins/com.nxp.mcuxpresso.tools.win32_10.3.0.201811011841/tools/bin/../lib/gcc/arm-none-eabi/7.3.1/thumb/v7e-m\libcr_eabihelpers.a(division_64.o)
 .ARM.attributes
                0x000006a2       0x21 d:/nxp/mcuxpressoide_10.3.0_2200/ide/plugins/com.nxp.mcuxpresso.tools.win32_10.3.0.201811011841/tools/bin/../lib/gcc/arm-none-eabi/7.3.1/thumb/v7e-m\libcr_eabihelpers.a(division_idiv0.o)
 .ARM.attributes
                0x000006c3       0x21 d:/nxp/mcuxpressoide_10.3.0_2200/ide/plugins/com.nxp.mcuxpresso.tools.win32_10.3.0.201811011841/tools/bin/../lib/gcc/arm-none-eabi/7.3.1/thumb/v7e-m\libcr_eabihelpers.a(memcpy.o)
 .ARM.attributes
                0x000006e4       0x21 d:/nxp/mcuxpressoide_10.3.0_2200/ide/plugins/com.nxp.mcuxpresso.tools.win32_10.3.0.201811011841/tools/bin/../lib/gcc/arm-none-eabi/7.3.1/../../../../arm-none-eabi/lib/thumb/v7e-m\libcr_semihost_nf.a(__sys_close.o)
 .ARM.attributes
                0x00000705       0x21 d:/nxp/mcuxpressoide_10.3.0_2200/ide/plugins/com.nxp.mcuxpresso.tools.win32_10.3.0.201811011841/tools/bin/../lib/gcc/arm-none-eabi/7.3.1/../../../../arm-none-eabi/lib/thumb/v7e-m\libcr_semihost_nf.a(__sys_flen.o)
 .ARM.attributes
                0x00000726       0x21 d:/nxp/mcuxpressoide_10.3.0_2200/ide/plugins/com.nxp.mcuxpresso.tools.win32_10.3.0.201811011841/tools/bin/../lib/gcc/arm-none-eabi/7.3.1/../../../../arm-none-eabi/lib/thumb/v7e-m\libcr_semihost_nf.a(__sys_istty.o)
 .ARM.attributes
                0x00000747       0x21 d:/nxp/mcuxpressoide_10.3.0_2200/ide/plugins/com.nxp.mcuxpresso.tools.win32_10.3.0.201811011841/tools/bin/../lib/gcc/arm-none-eabi/7.3.1/../../../../arm-none-eabi/lib/thumb/v7e-m\libcr_semihost_nf.a(__sys_remove.o)
 .ARM.attributes
                0x00000768       0x21 d:/nxp/mcuxpressoide_10.3.0_2200/ide/plugins/com.nxp.mcuxpresso.tools.win32_10.3.0.201811011841/tools/bin/../lib/gcc/arm-none-eabi/7.3.1/../../../../arm-none-eabi/lib/thumb/v7e-m\libcr_semihost_nf.a(__sys_seek.o)
 .ARM.attributes
                0x00000789       0x21 d:/nxp/mcuxpressoide_10.3.0_2200/ide/plugins/com.nxp.mcuxpresso.tools.win32_10.3.0.201811011841/tools/bin/../lib/gcc/arm-none-eabi/7.3.1/../../../../arm-none-eabi/lib/thumb/v7e-m\libcr_semihost_nf.a(__sys_tmpnam.o)
 .ARM.attributes
                0x000007aa       0x21 d:/nxp/mcuxpressoide_10.3.0_2200/ide/plugins/com.nxp.mcuxpresso.tools.win32_10.3.0.201811011841/tools/bin/../lib/gcc/arm-none-eabi/7.3.1/../../../../arm-none-eabi/lib/thumb/v7e-m\libcr_semihost_nf.a(__sys_write.o)

.debug_frame    0x00000000     0x1b80
 .debug_frame   0x00000000      0x9dc ./startup/startup_mk60d10.o
 .debug_frame   0x000009dc      0x254 ./source/MK60DN512xxx10_Project.o
 .debug_frame   0x00000c30       0x20 ./source/semihost_hardfault.o
 .debug_frame   0x00000c50      0x820 ./drivers/fsl_clock.o
 .debug_frame   0x00001470       0xcc ./drivers/fsl_pit.o
 .debug_frame   0x0000153c      0x5ec ./drivers/fsl_uart.o
 .debug_frame   0x00001b28       0x58 ./CMSIS/system_MK60D10.o
